// Jest Snapshot v1, https://goo.gl/fbAQLP

exports[`Render PopularFileList 1`] = `
<div
  className="table-responsive"
>
  <table
    className="table"
  >
    <tbody>
      <tr>
        <td
          className="popular-content-header"
        >
          <i
            className="fa fa-line-chart"
          />
        </td>
      </tr>
      <tr>
        <td
          style={
            Object {
              "borderTop": 0,
            }
          }
        >
          <a
            href={undefined}
            style={
              Object {
                "display": "inline-block",
              }
            }
          >
            <i
              className="fa fa-file-text-o"
            />
            <span>
               
              Test File
            </span>
          </a>
          <span
            style={
              Object {
                "display": "inline-block",
              }
            }
          >
             
          </span>
        </td>
      </tr>
    </tbody>
  </table>
</div>
`;
