// Jest Snapshot v1, https://goo.gl/fbAQLP

exports[`Render RootFolderListEntry 1`] = `
<tr>
  <td
    className="centered"
  >
    <a
      href="#/Test File"
      onClick={[Function]}
    >
      <i
        className="fa "
      />
      <span>
        <br />
        Test File
      </span>
      <span
        className="directory"
      />
    </a>
  </td>
</tr>
`;
